// Jest Snapshot v1, https://goo.gl/fbAQLP

exports[`Block Component renders correctly 1`] = `
<View
  style={
    Array [
      Object {
        "flex": 1,
      },
      undefined,
      false,
      undefined,
      undefined,
      undefined,
      undefined,
      undefined,
      undefined,
      undefined,
      undefined,
      undefined,
      undefined,
      undefined,
      undefined,
      undefined,
      undefined,
      undefined,
      undefined,
      undefined,
    ]
  }
/>
`;
